// Jest Snapshot v1, https://goo.gl/fbAQLP

exports[`ActivityList rendering renders the component 1`] = `
<List
  bordered={true}
  data-id="list"
  dataSource={
    Array [
      Object {
        "note": "test note",
        "type": "test type",
        "url": "test url",
      },
    ]
  }
  renderItem={[Function]}
  style={
    Object {
      "marginTop": 20,
      "maxHeight": 300,
      "overflowY": "auto",
    }
  }
/>
`;
