// Jest Snapshot v1, https://goo.gl/fbAQLP

exports[`AddActivityModal rendering renders the component 1`] = `
<Modal
  cancelButtonProps={
    Object {
      "style": Object {
        "display": "none",
      },
    }
  }
  centered={true}
  confirmLoading={false}
  data-id="modal-container"
  maskTransitionName="fade"
  okText="Submit"
  okType="primary"
  onCancel={[Function]}
  onOk={[Function]}
  title="Add Activity"
  transitionName="zoom"
  visible={true}
  width={520}
>
  <Space
    direction="vertical"
    size="large"
    style={
      Object {
        "width": "100%",
      }
    }
  >
    <ForwardRef(InternalSelect)
      data-id="select-type"
      defaultValue={
        Object {
          "key": "note",
          "label": "Add Note",
          "value": "note",
        }
      }
      labelInValue={true}
      onChange={[Function]}
      style={
        Object {
          "width": 150,
        }
      }
    >
      <Option
        value="note"
      >
        Add Note
      </Option>
      <Option
        value="enquiry"
      >
        Add Enquiry
      </Option>
      <Option
        value="task"
      >
        Add Task
      </Option>
    </ForwardRef(InternalSelect)>
    <Input
      data-id="property-input"
      onChange={[Function]}
      placeholder="Add Property URL (optional)"
      style={
        Object {
          "width": 300,
        }
      }
      type="text"
      value=""
    />
    <ForwardRef
      data-id="note-input"
      onChange={[Function]}
      placeholder="Add notes..."
      rows={4}
      style={
        Object {
          "resize": "none",
          "width": "100%",
        }
      }
      value=""
    />
  </Space>
</Modal>
`;
